{
    "value_function": [
        0.5904900000000002,
        0.6561000000000001,
        0.7290000000000001,
        0.6561000000000001,
        0.6561000000000001,
        0.0,
        0.81,
        0.0,
        0.7290000000000001,
        0.81,
        0.9,
        0.0,
        0.0,
        0.9,
        1.0,
        0.0
    ],
    "policy": [
        1,
        2,
        1,
        0,
        1,
        0,
        1,
        0,
        2,
        1,
        1,
        0,
        0,
        2,
        2,
        0
    ]
}