{
    "value_function": [
        0.06144364796286837,
        0.05515526474996747,
        0.06984367551148236,
        0.05087275421575311,
        0.08503352411276896,
        0.0,
        0.10970644744558003,
        0.0,
        0.1398383461464696,
        0.24364731933220632,
        0.29690306676942646,
        0.0,
        0.0,
        0.3770962341389107,
        0.6375103664762097,
        0.0
    ],
    "policy": [
        0,
        3,
        0,
        3,
        0,
        0,
        0,
        0,
        3,
        1,
        0,
        0,
        0,
        2,
        1,
        0
    ]
}