{
    "value_function": [
        0.06162274283994246,
        0.05531399137342944,
        0.0699622244159502,
        0.05101702913301784,
        0.08519461431783229,
        0.0,
        0.10976851693787404,
        0.0,
        0.13996615432409334,
        0.24373109529624215,
        0.2969629949287245,
        0.0,
        0.0,
        0.3771539838433998,
        0.6375395830635082,
        0.0
    ],
    "policy": [
        0,
        3,
        0,
        3,
        0,
        0,
        0,
        0,
        3,
        1,
        0,
        0,
        0,
        2,
        1,
        0
    ]
}